Run ID: stgcn_20260307_224459
Run dir: models/stgcn_20260307_224459
Log file: models/stgcn_20260307_224459/train_log.log
Device: mps
output_dir=models  model=stgcn  split_mode=train_test  batch_size=32  epochs=20  lr=0.0005  weight_decay=0.01  seed=None

  train_loss=2.1411  val_loss=1.8636  accuracy=0.4155  precision(macro)=0.0591  recall(macro)=0.1275  f1(macro)=0.0806  f1(weighted)=0.2694
  -> saved best.pt (best accuracy=0.4155)
  train_loss=1.9256  val_loss=1.7293  accuracy=0.4416  precision(macro)=0.0947  recall(macro)=0.1295  f1(macro)=0.0906  f1(weighted)=0.2985
  -> saved best.pt (best accuracy=0.4416)
  train_loss=1.8660  val_loss=1.7284  accuracy=0.4416  precision(macro)=0.0935  recall(macro)=0.1352  f1(macro)=0.1090  f1(weighted)=0.3409
  train_loss=1.8170  val_loss=1.7314  accuracy=0.4348  precision(macro)=0.0897  recall(macro)=0.1334  f1(macro)=0.1039  f1(weighted)=0.3322
  train_loss=1.8062  val_loss=1.7306  accuracy=0.4522  precision(macro)=0.1109  recall(macro)=0.1413  f1(macro)=0.1145  f1(weighted)=0.3521
  -> saved best.pt (best accuracy=0.4522)
  train_loss=1.7693  val_loss=1.7007  accuracy=0.4416  precision(macro)=0.1068  recall(macro)=0.1511  f1(macro)=0.1133  f1(weighted)=0.3289
  train_loss=1.7421  val_loss=1.5691  accuracy=0.4689  precision(macro)=0.1138  recall(macro)=0.1499  f1(macro)=0.1254  f1(weighted)=0.3679
  -> saved best.pt (best accuracy=0.4689)
  train_loss=1.7352  val_loss=1.5569  accuracy=0.4652  precision(macro)=0.1370  recall(macro)=0.1565  f1(macro)=0.1330  f1(weighted)=0.3569
  train_loss=1.6999  val_loss=1.6133  accuracy=0.4634  precision(macro)=0.1247  recall(macro)=0.1731  f1(macro)=0.1409  f1(weighted)=0.3811
  train_loss=1.6978  val_loss=1.6423  accuracy=0.4696  precision(macro)=0.1607  recall(macro)=0.1763  f1(macro)=0.1534  f1(weighted)=0.3891
  -> saved best.pt (best accuracy=0.4696)
  train_loss=1.6754  val_loss=1.6118  accuracy=0.4807  precision(macro)=0.2198  recall(macro)=0.1913  f1(macro)=0.1685  f1(weighted)=0.4122
  -> saved best.pt (best accuracy=0.4807)
  train_loss=1.6647  val_loss=1.5767  accuracy=0.4814  precision(macro)=0.1694  recall(macro)=0.1821  f1(macro)=0.1570  f1(weighted)=0.3983
  -> saved best.pt (best accuracy=0.4814)
  train_loss=1.6584  val_loss=1.5548  accuracy=0.5025  precision(macro)=0.1995  recall(macro)=0.1884  f1(macro)=0.1670  f1(weighted)=0.4120
  -> saved best.pt (best accuracy=0.5025)
  train_loss=1.6414  val_loss=1.5383  accuracy=0.5199  precision(macro)=0.2026  recall(macro)=0.2088  f1(macro)=0.1853  f1(weighted)=0.4433
  -> saved best.pt (best accuracy=0.5199)
  train_loss=1.6234  val_loss=1.5572  accuracy=0.5317  precision(macro)=0.2184  recall(macro)=0.2109  f1(macro)=0.1873  f1(weighted)=0.4495
  -> saved best.pt (best accuracy=0.5317)
  train_loss=1.6182  val_loss=1.5227  accuracy=0.5373  precision(macro)=0.2121  recall(macro)=0.2095  f1(macro)=0.1816  f1(weighted)=0.4479
  -> saved best.pt (best accuracy=0.5373)
  train_loss=1.6154  val_loss=1.5575  accuracy=0.5267  precision(macro)=0.2804  recall(macro)=0.2226  f1(macro)=0.1931  f1(weighted)=0.4427
  train_loss=1.6024  val_loss=1.5687  accuracy=0.5348  precision(macro)=0.2392  recall(macro)=0.2267  f1(macro)=0.1954  f1(weighted)=0.4552
  train_loss=1.6040  val_loss=1.5551  accuracy=0.5366  precision(macro)=0.2382  recall(macro)=0.2273  f1(macro)=0.1961  f1(weighted)=0.4576
  train_loss=1.6031  val_loss=1.5489  accuracy=0.5379  precision(macro)=0.2462  recall(macro)=0.2265  f1(macro)=0.1958  f1(weighted)=0.4580
  -> saved best.pt (best accuracy=0.5379)
Metrics written to models/stgcn_20260307_224459/metrics.json
Best epoch: 20 (accuracy=0.5379)
