Run ID: temporal_transformer_20260307_123159
Log file: models/temporal_transformer_20260307_123159.log
Device: mps
output_dir=models  model=temporal_transformer  split_mode=train_test  batch_size=16  epochs=20  lr=0.0005  weight_decay=0.01  seed=None

  train_loss=1.6669  val_loss=1.0876  accuracy=0.6658  precision(macro)=0.3497  recall(macro)=0.3571  f1(macro)=0.3301  f1(weighted)=0.6284
  -> saved temporal_transformer_20260307_123159.pt (best accuracy=0.6658)
  train_loss=1.0545  val_loss=0.9471  accuracy=0.6814  precision(macro)=0.4833  recall(macro)=0.4702  f1(macro)=0.4203  f1(weighted)=0.6777
  -> saved temporal_transformer_20260307_123159.pt (best accuracy=0.6814)
  train_loss=0.8885  val_loss=0.7667  accuracy=0.7348  precision(macro)=0.4562  recall(macro)=0.4930  f1(macro)=0.4302  f1(weighted)=0.7016
  -> saved temporal_transformer_20260307_123159.pt (best accuracy=0.7348)
  train_loss=0.7889  val_loss=0.8496  accuracy=0.7155  precision(macro)=0.6495  recall(macro)=0.5324  f1(macro)=0.4857  f1(weighted)=0.7137
  train_loss=0.7012  val_loss=0.7941  accuracy=0.7497  precision(macro)=0.5902  recall(macro)=0.5669  f1(macro)=0.5445  f1(weighted)=0.7391
  -> saved temporal_transformer_20260307_123159.pt (best accuracy=0.7497)
  train_loss=0.6583  val_loss=0.8605  accuracy=0.7199  precision(macro)=0.5681  recall(macro)=0.5620  f1(macro)=0.5196  f1(weighted)=0.7284
  train_loss=0.5949  val_loss=0.7011  accuracy=0.7851  precision(macro)=0.6549  recall(macro)=0.6619  f1(macro)=0.6356  f1(weighted)=0.7899
  -> saved temporal_transformer_20260307_123159.pt (best accuracy=0.7851)
  train_loss=0.5290  val_loss=0.7277  accuracy=0.7534  precision(macro)=0.6541  recall(macro)=0.6250  f1(macro)=0.5705  f1(weighted)=0.7472
  train_loss=0.4965  val_loss=0.6275  accuracy=0.7994  precision(macro)=0.6864  recall(macro)=0.6225  f1(macro)=0.6142  f1(weighted)=0.7891
  -> saved temporal_transformer_20260307_123159.pt (best accuracy=0.7994)
  train_loss=0.4562  val_loss=0.6685  accuracy=0.7944  precision(macro)=0.6755  recall(macro)=0.6597  f1(macro)=0.6468  f1(weighted)=0.7916
  train_loss=0.4251  val_loss=0.5948  accuracy=0.8075  precision(macro)=0.6690  recall(macro)=0.6697  f1(macro)=0.6466  f1(weighted)=0.7993
  -> saved temporal_transformer_20260307_123159.pt (best accuracy=0.8075)
  train_loss=0.3967  val_loss=0.7766  accuracy=0.7733  precision(macro)=0.6693  recall(macro)=0.6830  f1(macro)=0.6344  f1(weighted)=0.7767
  train_loss=0.3488  val_loss=0.5560  accuracy=0.8267  precision(macro)=0.7277  recall(macro)=0.7026  f1(macro)=0.6994  f1(weighted)=0.8275
  -> saved temporal_transformer_20260307_123159.pt (best accuracy=0.8267)
  train_loss=0.3354  val_loss=0.5523  accuracy=0.8385  precision(macro)=0.7172  recall(macro)=0.7328  f1(macro)=0.7150  f1(weighted)=0.8396
  -> saved temporal_transformer_20260307_123159.pt (best accuracy=0.8385)
  train_loss=0.2992  val_loss=0.5511  accuracy=0.8323  precision(macro)=0.7245  recall(macro)=0.7236  f1(macro)=0.7141  f1(weighted)=0.8343
  train_loss=0.2734  val_loss=0.5612  accuracy=0.8323  precision(macro)=0.7185  recall(macro)=0.7280  f1(macro)=0.7154  f1(weighted)=0.8361
  train_loss=0.2459  val_loss=0.5991  accuracy=0.8273  precision(macro)=0.7095  recall(macro)=0.7250  f1(macro)=0.7077  f1(weighted)=0.8311
  train_loss=0.2336  val_loss=0.5594  accuracy=0.8354  precision(macro)=0.7165  recall(macro)=0.7350  f1(macro)=0.7209  f1(weighted)=0.8374
  train_loss=0.2217  val_loss=0.5649  accuracy=0.8317  precision(macro)=0.7116  recall(macro)=0.7284  f1(macro)=0.7149  f1(weighted)=0.8344
  train_loss=0.2181  val_loss=0.5557  accuracy=0.8317  precision(macro)=0.7141  recall(macro)=0.7256  f1(macro)=0.7150  f1(weighted)=0.8345
Metrics written to models/temporal_transformer_20260307_123159.json
Best epoch: 14 (accuracy=0.8385)
