Run ID: temporal_transformer_20260305_171705
Log file: models/temporal_transformer_20260305_171705.log
Device: mps
output_dir=models  model=temporal_transformer  split_mode=train_test  batch_size=16  epochs=20  lr=0.0005

  train_loss=1.2771  val_loss=0.9515  accuracy=0.6714  precision(macro)=0.4712  recall(macro)=0.4850  f1(macro)=0.4443  f1(weighted)=0.6815
  -> saved temporal_transformer_20260305_171705.pt (best accuracy=0.6714)
  train_loss=0.8474  val_loss=1.0830  accuracy=0.6273  precision(macro)=0.5377  recall(macro)=0.5191  f1(macro)=0.4772  f1(weighted)=0.6423
  train_loss=0.7397  val_loss=1.0018  accuracy=0.6857  precision(macro)=0.5753  recall(macro)=0.5624  f1(macro)=0.5140  f1(weighted)=0.6985
  -> saved temporal_transformer_20260305_171705.pt (best accuracy=0.6857)
  train_loss=0.6472  val_loss=0.8938  accuracy=0.7174  precision(macro)=0.5819  recall(macro)=0.6344  f1(macro)=0.5849  f1(weighted)=0.7288
  -> saved temporal_transformer_20260305_171705.pt (best accuracy=0.7174)
  train_loss=0.5994  val_loss=0.7180  accuracy=0.7739  precision(macro)=0.6574  recall(macro)=0.6305  f1(macro)=0.5986  f1(weighted)=0.7729
  -> saved temporal_transformer_20260305_171705.pt (best accuracy=0.7739)
  train_loss=0.5335  val_loss=0.6891  accuracy=0.7894  precision(macro)=0.6622  recall(macro)=0.6526  f1(macro)=0.6253  f1(weighted)=0.7928
  -> saved temporal_transformer_20260305_171705.pt (best accuracy=0.7894)
  train_loss=0.4874  val_loss=0.6094  accuracy=0.8149  precision(macro)=0.7014  recall(macro)=0.6943  f1(macro)=0.6828  f1(weighted)=0.8146
  -> saved temporal_transformer_20260305_171705.pt (best accuracy=0.8149)
  train_loss=0.4701  val_loss=0.7541  accuracy=0.7596  precision(macro)=0.6669  recall(macro)=0.6587  f1(macro)=0.6161  f1(weighted)=0.7681
  train_loss=0.4370  val_loss=0.7089  accuracy=0.7832  precision(macro)=0.6915  recall(macro)=0.6727  f1(macro)=0.6457  f1(weighted)=0.7873
  train_loss=0.4049  val_loss=0.6549  accuracy=0.8068  precision(macro)=0.6597  recall(macro)=0.6914  f1(macro)=0.6524  f1(weighted)=0.8006
  train_loss=0.3803  val_loss=0.7314  accuracy=0.8031  precision(macro)=0.6848  recall(macro)=0.6709  f1(macro)=0.6552  f1(weighted)=0.8059
  train_loss=0.3605  val_loss=0.6197  accuracy=0.8366  precision(macro)=0.7170  recall(macro)=0.7114  f1(macro)=0.6861  f1(weighted)=0.8288
  -> saved temporal_transformer_20260305_171705.pt (best accuracy=0.8366)
  train_loss=0.3426  val_loss=0.7674  accuracy=0.7888  precision(macro)=0.6584  recall(macro)=0.6710  f1(macro)=0.6335  f1(weighted)=0.7883
  train_loss=0.3330  val_loss=0.6669  accuracy=0.8280  precision(macro)=0.7258  recall(macro)=0.7071  f1(macro)=0.6862  f1(weighted)=0.8257
  train_loss=0.3111  val_loss=0.6789  accuracy=0.8168  precision(macro)=0.7184  recall(macro)=0.7202  f1(macro)=0.7059  f1(weighted)=0.8201
  train_loss=0.3000  val_loss=0.7757  accuracy=0.8031  precision(macro)=0.6730  recall(macro)=0.6643  f1(macro)=0.6421  f1(weighted)=0.7999
  train_loss=0.3152  val_loss=0.8259  accuracy=0.7913  precision(macro)=0.7090  recall(macro)=0.7084  f1(macro)=0.6853  f1(weighted)=0.8040
  train_loss=0.2874  val_loss=0.9734  accuracy=0.7640  precision(macro)=0.6671  recall(macro)=0.6788  f1(macro)=0.6432  f1(weighted)=0.7674
  train_loss=0.3002  val_loss=0.7077  accuracy=0.8248  precision(macro)=0.7119  recall(macro)=0.7202  f1(macro)=0.7114  f1(weighted)=0.8274
  train_loss=0.2962  val_loss=0.7325  accuracy=0.8267  precision(macro)=0.7339  recall(macro)=0.6981  f1(macro)=0.6995  f1(weighted)=0.8261
Metrics written to models/temporal_transformer_20260305_171705.json
Best epoch: 12 (accuracy=0.8366)
